C51 COMPILER V9.00   DELAY                                                                 01/18/2016 00:06:06 PAGE 1   


C51 COMPILER V9.00, COMPILATION OF MODULE DELAY
OBJECT MODULE PLACED IN .\Output\delay.obj
COMPILER INVOKED BY: d:\Keil\C51\BIN\C51.EXE Driver\src\delay.c LARGE BROWSE INCDIR(.\Appcode;.\BSP;.\Common;.\Driver;.\
                    -Startup;.\Common\inc;.\Driver\inc) DEBUG OBJECTEXTEND PRINT(.\Listing\delay.lst) OBJECT(.\Output\delay.obj)

line level    source

   1          
   2          #include "delay.h"
   3          #include <intrins.h>
   4          
   5          
   6          /***************************************************************
   7          ** 函数名称: Delay1ms
   8          ** 功能描述: 延时1ms函数（不精准）
   9          ** 输　入:   
  10          ** 输　出:   
  11          ** 全局变量: 
  12          ** 作　者:   喵呜实验室
  13          ** 淘  宝：  Http://miaowlabs.taobao.com
  14          ** 日　期:   2014年08月01日
  15          ***************************************************************/
  16          void Delay1ms()         //@20.000MHz
  17          {
  18   1              unsigned char i, j;
  19   1      
  20   1              i = 20;
  21   1              j = 113;
  22   1              do
  23   1              {
  24   2                      while (--j);
  25   2              } while (--i);
  26   1      }
  27          
  28          
  29          
  30          
  31          
  32          
  33          /***************************************************************
  34          ** 函数名称: Delaynms
  35          ** 功能描述: 延时nms函数（不精准）
  36          ** 输　入:   
  37          ** 输　出:   
  38          ** 全局变量: 
  39          ** 作　者:   喵呜实验室
  40          ** 淘  宝：  Http://miaowlabs.taobao.com
  41          ** 日　期:   2014年08月01日
  42          ***************************************************************/
  43           void Delaynms(unsigned int n)
  44           {
  45   1      
  46   1         unsigned int i;
  47   1         for(i=0;i<n;i++) Delay1ms();
  48   1      
  49   1       }


MODULE INFORMATION:   STATIC OVERLAYABLE
   CODE SIZE        =     34    ----
   CONSTANT SIZE    =   ----    ----
C51 COMPILER V9.00   DELAY                                                                 01/18/2016 00:06:06 PAGE 2   

   XDATA SIZE       =   ----    ----
   PDATA SIZE       =   ----    ----
   DATA SIZE        =   ----    ----
   IDATA SIZE       =   ----    ----
   BIT SIZE         =   ----    ----
END OF MODULE INFORMATION.


C51 COMPILATION COMPLETE.  0 WARNING(S),  0 ERROR(S)
