C51 COMPILER V9.00   GPIO                                                                  01/18/2016 00:06:06 PAGE 1   


C51 COMPILER V9.00, COMPILATION OF MODULE GPIO
OBJECT MODULE PLACED IN .\Output\gpio.obj
COMPILER INVOKED BY: d:\Keil\C51\BIN\C51.EXE Driver\src\gpio.c LARGE BROWSE INCDIR(.\Appcode;.\BSP;.\Common;.\Driver;.\S
                    -tartup;.\Common\inc;.\Driver\inc) DEBUG OBJECTEXTEND PRINT(.\Listing\gpio.lst) OBJECT(.\Output\gpio.obj)

line level    source

   1          /********************************************************************
   2          作者：Songyimiao
   3          建立日期: 20151129
   4          版本：V2.0
   5          喵呜实验室版权所有
   6          /********************************************************************/
   7          #include "gpio.h" 
   8          
   9          /***************************************************************
  10          ** 作　  者: Songyimiao
  11          ** 官    网：http://www.miaowlabs.com
  12          ** 淘    宝：http://miaowlabs.taobao.com
  13          ** 日　  期: 2015年11月29日
  14          ** 函数名称: GPIO_INIT()
  15          ** 功能描述: GPIO初始化函数            
  16          ** 输　  入:   
  17          ** 输　  出:   
  18          ** 备    注: 
  19          ********************喵呜实验室版权所有**************************
  20          ***************************************************************/
  21          void GPIOInit()
  22          {
  23   1              //所有I/O口全设为准双向，弱上拉模式
  24   1              P0M0=0x00;
  25   1              P0M1=0x00;
  26   1              P1M0=0x00;
  27   1              P1M1=0x00;
  28   1              P2M0=0x00;      
  29   1              P2M1=0x00;
  30   1              P3M0=0x00;
  31   1              P3M1=0x00;      
  32   1              P4M0=0x00;
  33   1              P4M1=0x00;
  34   1              P5M0=0x00;
  35   1              P5M1=0x00;         
  36   1         
  37   1              //设置需要使用的PWM输出口为强推挽模式
  38   1              P2M0=0x0e;
  39   1              P2M1=0x00;
  40   1              P3M0=0x80;
  41   1              P3M1=0x00;
  42   1      }


MODULE INFORMATION:   STATIC OVERLAYABLE
   CODE SIZE        =     36    ----
   CONSTANT SIZE    =   ----    ----
   XDATA SIZE       =   ----    ----
   PDATA SIZE       =   ----    ----
   DATA SIZE        =   ----    ----
   IDATA SIZE       =   ----    ----
   BIT SIZE         =   ----    ----
END OF MODULE INFORMATION.


C51 COMPILATION COMPLETE.  0 WARNING(S),  0 ERROR(S)
