C51 COMPILER V9.00   I2C                                                                   12/06/2015 22:13:42 PAGE 1   


C51 COMPILER V9.00, COMPILATION OF MODULE I2C
OBJECT MODULE PLACED IN .\Output\i2c.obj
COMPILER INVOKED BY: d:\Keil\C51\BIN\C51.EXE Common\src\i2c.c LARGE BROWSE INCDIR(.\Appcode;.\BSP;.\Common;.\Driver;.\St
                    -artup;.\Common\inc;.\Driver\inc) DEBUG OBJECTEXTEND PRINT(.\Listing\i2c.lst) OBJECT(.\Output\i2c.obj)

line level    source

   1          
   2          #include "i2c.h"
   3          
   4          //普通IO口模拟I2C通讯
   5          
   6          /***************************************************************
   7          ** 函数名称: Delay5us
   8          ** 功能描述: 延时5微秒(STC15W4K61S4@20M) 不同的工作环境,需要调整此函数
   9                                   此延时函数是使用1T的指令周期进行计算,与传统的12T的MCU不同
  10          ** 输　入:   
  11          ** 输　出:   
  12          ** 全局变量: 
  13          ** 作　者:   喵呜实验室
  14          ** 淘  宝：  Http://miaowlabs.taobao.com
  15          ** 日　期:   2014年08月01日
  16          ***************************************************************/
  17          void Delay5us()         //@20.000MHz
  18          {
  19   1              unsigned char i;
  20   1      
  21   1              _nop_();
  22   1              _nop_();
  23   1              i = 22;
  24   1              while (--i);
  25   1      }
  26          
  27          
  28          
  29          
  30          /***************************************************************
  31          ** 函数名称: I2C_Start
  32          ** 功能描述: I2C起始信号
  33          ** 输　入:   
  34          ** 输　出:   
  35          ** 全局变量: 
  36          ** 作　者:   喵呜实验室
  37          ** 淘  宝：  Http://miaowlabs.taobao.com
  38          ** 日　期:   2014年08月01日
  39          ***************************************************************/
  40          void I2C_Start()
  41          {
  42   1          SDA = 1;                    //拉高数据线
  43   1          SCL = 1;                    //拉高时钟线
  44   1          Delay5us();                 //延时
  45   1          SDA = 0;                    //产生下降沿
  46   1          Delay5us();                 //延时
  47   1          SCL = 0;                    //拉低时钟线
  48   1      }
  49          
  50          
  51          /***************************************************************
  52          ** 函数名称: I2C_Stop
  53          ** 功能描述: I2C停止信号
  54          ** 输　入:   
C51 COMPILER V9.00   I2C                                                                   12/06/2015 22:13:42 PAGE 2   

  55          ** 输　出:   
  56          ** 全局变量: 
  57          ** 作　者:   喵呜实验室
  58          ** 淘  宝：  Http://miaowlabs.taobao.com
  59          ** 日　期:   2014年08月01日
  60          ***************************************************************/
  61          void I2C_Stop()
  62          {
  63   1          SDA = 0;                    //拉低数据线
  64   1          SCL = 1;                    //拉高时钟线
  65   1          Delay5us();                 //延时
  66   1          SDA = 1;                    //产生上升沿
  67   1          Delay5us();                 //延时
  68   1      }
  69          
  70          
  71          /***************************************************************
  72          ** 函数名称: I2C_SendACK
  73          ** 功能描述: I2C发送应答信号
  74          ** 输　入:   ack (0:ACK 1:NAK)
  75          ** 输　出:   
  76          ** 全局变量: 
  77          ** 作　者:   喵呜实验室
  78          ** 淘  宝：  Http://miaowlabs.taobao.com
  79          ** 日　期:   2014年08月01日
  80          ***************************************************************/
  81          void I2C_SendACK(bit ack)
  82          {
  83   1          SDA = ack;                  //写应答信号
  84   1          SCL = 1;                    //拉高时钟线
  85   1          Delay5us();                 //延时
  86   1          SCL = 0;                    //拉低时钟线
  87   1          Delay5us();                 //延时
  88   1      }
  89          
  90          
  91          /***************************************************************
  92          ** 函数名称: I2C_RecvACK
  93          ** 功能描述: I2C接收应答信号
  94          ** 输　入:   
  95          ** 输　出:   
  96          ** 全局变量: 
  97          ** 作　者:   喵呜实验室
  98          ** 淘  宝：  Http://miaowlabs.taobao.com
  99          ** 日　期:   2014年08月01日
 100          ***************************************************************/
 101          bit I2C_RecvACK()
 102          {
 103   1          SCL = 1;                    //拉高时钟线
 104   1          Delay5us();                 //延时
 105   1          CY = SDA;                   //读应答信号
 106   1          SCL = 0;                    //拉低时钟线
 107   1          Delay5us();                 //延时
 108   1          return CY;
 109   1      }
 110          
 111          
 112          /***************************************************************
 113          ** 函数名称: I2C_SendByte
 114          ** 功能描述: 向I2C总线发送一个字节数据
 115          ** 输　入:   
 116          ** 输　出:   
C51 COMPILER V9.00   I2C                                                                   12/06/2015 22:13:42 PAGE 3   

 117          ** 全局变量: 
 118          ** 作　者:   喵呜实验室
 119          ** 淘  宝：  Http://miaowlabs.taobao.com
 120          ** 日　期:   2014年08月01日
 121          ***************************************************************/
 122          void I2C_SendByte(unsigned char dat)
 123          {
 124   1          unsigned char idata i;
 125   1          for (i=0; i<8; i++)         //8位计数器
 126   1          {
 127   2              dat <<= 1;              //移出数据的最高位
 128   2              SDA = CY;               //送数据口
 129   2              SCL = 1;                //拉高时钟线
 130   2              Delay5us();             //延时
 131   2              SCL = 0;                //拉低时钟线
 132   2              Delay5us();             //延时
 133   2          }
 134   1          I2C_RecvACK();
 135   1      }
 136          
 137          /***************************************************************
 138          ** 函数名称: I2C_RecvByte
 139          ** 功能描述: 从I2C总线接收一个字节数据
 140          ** 输　入:   
 141          ** 输　出:   
 142          ** 全局变量: 
 143          ** 作　者:   喵呜实验室
 144          ** 淘  宝：  Http://miaowlabs.taobao.com
 145          ** 日　期:   2014年08月01日
 146          ***************************************************************/
 147          unsigned char I2C_RecvByte()
 148          {
 149   1          unsigned i;
 150   1          unsigned char dat = 0;
 151   1          SDA = 1;                    //使能内部上拉,准备读取数据,
 152   1          for (i=0; i<8; i++)         //8位计数器
 153   1          {
 154   2              dat <<= 1;
 155   2              SCL = 1;                //拉高时钟线
 156   2              Delay5us();             //延时
 157   2              dat |= SDA;             //读数据               
 158   2              SCL = 0;                //拉低时钟线
 159   2              Delay5us();             //延时
 160   2          }
 161   1          return dat;
 162   1      }
 163          
 164          
 165          /***************************************************************
 166          ** 函数名称: Single_WriteI2C
 167          ** 功能描述: 向I2C设备写入一个字节数据
 168          ** 输　入:   
 169          ** 输　出:   
 170          ** 全局变量: 
 171          ** 作　者:   喵呜实验室
 172          ** 淘  宝：  Http://miaowlabs.taobao.com
 173          ** 日　期:   2014年08月01日
 174          ***************************************************************/
 175          void Single_WriteI2C(unsigned char REG_Address,unsigned char REG_data)
 176          {
 177   1          I2C_Start();                  //起始信号
 178   1          I2C_SendByte(SlaveAddress);   //发送设备地址+写信号
C51 COMPILER V9.00   I2C                                                                   12/06/2015 22:13:42 PAGE 4   

 179   1          I2C_SendByte(REG_Address);    //内部寄存器地址
 180   1          I2C_SendByte(REG_data);       //内部寄存器数据
 181   1          I2C_Stop();                   //发送停止信号
 182   1      }
 183          
 184          
 185          /***************************************************************
 186          ** 函数名称: Single_ReadI2C
 187          ** 功能描述: 从I2C设备读取一个字节数据
 188          ** 输　入:   
 189          ** 输　出:   
 190          ** 全局变量: 
 191          ** 作　者:   喵呜实验室
 192          ** 淘  宝：  Http://miaowlabs.taobao.com
 193          ** 日　期:   2014年08月01日
 194          ***************************************************************/
 195          unsigned char Single_ReadI2C(unsigned char REG_Address)
 196          {
 197   1              unsigned char idata REG_data;
 198   1              I2C_Start();                   //起始信号
 199   1              I2C_SendByte(SlaveAddress);    //发送设备地址+写信号
 200   1              I2C_SendByte(REG_Address);     //发送存储单元地址，从0开始      
 201   1              I2C_Start();                   //起始信号
 202   1              I2C_SendByte(SlaveAddress+1);  //发送设备地址+读信号
 203   1              REG_data=I2C_RecvByte();       //读出寄存器数据
 204   1              I2C_SendACK(1);                //接收应答信号
 205   1              I2C_Stop();                    //停止信号
 206   1              return REG_data;
 207   1      }


MODULE INFORMATION:   STATIC OVERLAYABLE
   CODE SIZE        =    199    ----
   CONSTANT SIZE    =   ----    ----
   XDATA SIZE       =   ----    ----
   PDATA SIZE       =   ----    ----
   DATA SIZE        =   ----    ----
   IDATA SIZE       =   ----       2
   BIT SIZE         =   ----       1
END OF MODULE INFORMATION.


C51 COMPILATION COMPLETE.  0 WARNING(S),  0 ERROR(S)
