C51 COMPILER V9.00   TIMER                                                                 10/12/2016 13:49:47 PAGE 1   


C51 COMPILER V9.00, COMPILATION OF MODULE TIMER
OBJECT MODULE PLACED IN .\Output\timer.obj
COMPILER INVOKED BY: d:\Keil\C51\BIN\C51.EXE Driver\src\timer.c LARGE BROWSE INCDIR(.\Appcode;.\BSP;.\Common;.\Driver;.\
                    -Startup;.\Common\inc;.\Driver\inc) DEBUG OBJECTEXTEND PRINT(.\Listing\timer.lst) OBJECT(.\Output\timer.obj)

line level    source

   1          
   2          #include "timer.h"
   3          
   4          /***************************************************************
   5          ** 函数名称: Timer0Init
   6          ** 功能描述: 计数器0初始化函数
   7          ** 输　入:   
   8          ** 输　出:   
   9          ** 备  注:       使用超声波壁障功能时，用到定时器0，但只用到寄存器计时，所以可以不初始化。
  10          ** 作　者:   喵呜实验室
  11          ** 淘  宝：  Http://miaowlabs.taobao.com
  12          ** 日　期:   2014年08月01日
  13          ***************************************************************/
  14          void Timer0Init(void)           
  15          {
  16   1      }
  17          
  18          
  19          /***************************************************************
  20          ** 函数名称: Timer1Init
  21          ** 功能描述: 定时器1初始化函数
  22          ** 输　入:   
  23          ** 输　出:   
  24          ** 全局变量: 
  25          ** 作　者:   喵呜实验室
  26          ** 淘  宝：  Http://miaowlabs.taobao.com
  27          ** 日　期:   2014年08月01日
  28          ***************************************************************/
  29          void Timer1Init(void)   //8毫秒@20.000MHz
  30          {
  31   1              AUXR &= 0xBF;           //定时器时钟12T模式
  32   1              TMOD &= 0x0F;           //设置定时器模式
  33   1              TL1 = 0xEB;             //设置定时初值
  34   1              TH1 = 0xCB;             //设置定时初值
  35   1              IP &= 0xF7;
  36   1              TF1 = 0;                        //清除TF1标志
  37   1              TR1 = 1;                        //定时器1开始计时
  38   1              ET1 = 1;                //允许定时器T1中断        
  39   1      }
  40          
  41          /***************************************************************
  42          ** 函数名称: Timer3Timer4Init
  43          ** 功能描述: 定时器3/4初始化函数-作为计数器捕获编码器脉冲
  44          ** 输　入:   
  45          ** 输　出:   
  46          ** 全局变量: 
  47          ** 作　者:   喵呜实验室
  48          ** 淘  宝：  Http://miaowlabs.taobao.com
  49          ** 日　期:   2016年04月15日
  50          ***************************************************************/
  51          void Timer3Timer4Init(void)             
  52          {
  53   1              T4T3M |= 0xCC;
  54   1              IE2 &= 0x1F;
C51 COMPILER V9.00   TIMER                                                                 10/12/2016 13:49:47 PAGE 2   

  55   1      }
  56          
  57          


MODULE INFORMATION:   STATIC OVERLAYABLE
   CODE SIZE        =     30    ----
   CONSTANT SIZE    =   ----    ----
   XDATA SIZE       =   ----    ----
   PDATA SIZE       =   ----    ----
   DATA SIZE        =   ----    ----
   IDATA SIZE       =   ----    ----
   BIT SIZE         =   ----    ----
END OF MODULE INFORMATION.


C51 COMPILATION COMPLETE.  0 WARNING(S),  0 ERROR(S)
