C51 COMPILER V9.00   UART                                                                  05/13/2016 20:14:36 PAGE 1   


C51 COMPILER V9.00, COMPILATION OF MODULE UART
OBJECT MODULE PLACED IN .\Output\uart.obj
COMPILER INVOKED BY: d:\Keil\C51\BIN\C51.EXE Driver\src\uart.c LARGE BROWSE INCDIR(.\Appcode;.\BSP;.\Common;.\Driver;.\S
                    -tartup;.\Common\inc;.\Driver\inc) DEBUG OBJECTEXTEND PRINT(.\Listing\uart.lst) OBJECT(.\Output\uart.obj)

line level    source

   1          
   2          #include <uart.h>   
   3          #include "string.h"
   4          /***************************************************************
   5          ** 函数名称: Uart1Init
   6          ** 功能描述: UART1初始化函数
   7          ** 输　入:   
   8          ** 输　出:   
   9          ** 全局变量: 
  10          ** 作　者:   喵呜实验室
  11          ** 淘  宝：  Http://miaowlabs.taobao.com
  12          ** 日　期:   2014年08月01日
  13          ***************************************************************/
  14          void Uart1Init(void)            //9600bps@20.000MHz
  15          {
  16   1              SCON = 0x50;            //8位数据,可变波特率
  17   1              AUXR |= 0x04;           //定时器2时钟为Fosc,即1T
  18   1              T2L = 0xF7;                     //设定定时初值
  19   1              T2H = 0xFD;                     //设定定时初值
  20   1              AUXR |= 0x01;           //串口1选择定时器2为波特率发生器
  21   1              AUXR |= 0x10;           //启动定时器2
  22   1      //      TI = 1;                         
  23   1      }
  24          
  25          /***************************************************************
  26          ** 函数名称: Uart2Init
  27          ** 功能描述: UART1初始化函数
  28          ** 输　入:   
  29          ** 输　出:   
  30          ** 全局变量: 
  31          ** 作　者:   喵呜实验室
  32          ** 淘  宝：  Http://miaowlabs.taobao.com
  33          ** 日　期:   2014年08月01日
  34          ***************************************************************/
  35          void Uart2Init(void)            //9600bps@20.000MHz
  36          {
  37   1              S2CON = 0x50;           //8位数据,可变波特率
  38   1              AUXR |= 0x04;           //定时器2时钟为Fosc,即1T
  39   1              T2L = 0xF7;                     //设定定时初值
  40   1              T2H = 0xFD;                     //设定定时初值
  41   1              AUXR |= 0x10;           //启动定时器2
  42   1              IE2 = 0x01;                     //使能串口2中断
  43   1      }
  44          
  45          /***************************************************************
  46          ** 函数名称: UART1ReceiveByte
  47          ** 功能描述: UART1接收函数
  48          ** 输　入:   
  49          ** 输　出:   
  50          ** 全局变量: 
  51          ** 作　者:   喵呜实验室
  52          ** 淘  宝：  Http://miaowlabs.taobao.com
  53          ** 日　期:   2014年08月01日
  54          ***************************************************************/
C51 COMPILER V9.00   UART                                                                  05/13/2016 20:14:36 PAGE 2   

  55          unsigned char UART1ReceiveByte(void)
  56          {
  57   1          unsigned char xdata ucRxd1; 
  58   1          /*if(RI == 1)                                            
  59   1          {
  60   1            RI = 0;
  61   1            ucRxd1 = SBUF;
  62   1            return(ucRxd1);            
  63   1          }
  64   1          //return 0;   */
  65   1              while(RI==0);
  66   1              RI = 0;
  67   1              ucRxd1 = SBUF;
  68   1              return(ucRxd1);
  69   1      }
  70          
  71          /***************************************************************
  72          ** 函数名称: UART2ReceiveByte
  73          ** 功能描述: UART2接收函数
  74          ** 输　入:   
  75          ** 输　出:   
  76          ** 全局变量: 
  77          ** 作　者:   喵呜实验室
  78          ** 淘  宝：  Http://miaowlabs.taobao.com
  79          ** 日　期:   2014年08月01日
  80          ***************************************************************/
  81          unsigned char UART2ReceiveByte(void)
  82          {
  83   1          unsigned char xdata ucRxd2; /*
  84   1              if ((S2CON & 0x01) == 1)  
  85   1          {  
  86   1            S2CON &= 0xFE;  
  87   1            ucRxd2 = S2BUF;
  88   1                return(ucRxd2);  
  89   1          }                              */
  90   1              while((S2CON & 0x01) == 0);
  91   1              S2CON &= 0xFE;
  92   1              ucRxd2 = S2BUF;
  93   1              return(ucRxd2);
  94   1      }
  95          
  96          /***************************************************************
  97          ** 函数名称: UART1SendByte
  98          ** 功能描述: UART1发送函数
  99          ** 输　入:   
 100          ** 输　出:   
 101          ** 全局变量: 
 102          ** 作　者:   喵呜实验室
 103          ** 淘  宝：  Http://miaowlabs.taobao.com
 104          ** 日　期:   2014年08月01日
 105          ***************************************************************/
 106          void UART1SendByte(unsigned char TxD1)  
 107          {   
 108   1          SBUF=TxD1;  
 109   1          while(TI == 0);//等待发送完成 
 110   1          //while(!TI);//等待发送完成 
 111   1          TI=0;   
 112   1      }  
 113          
 114          /***************************************************************
 115          ** 函数名称: UART2SendByte
 116          ** 功能描述: UART2发送函数
C51 COMPILER V9.00   UART                                                                  05/13/2016 20:14:36 PAGE 3   

 117          ** 输　入:   
 118          ** 输　出:   
 119          ** 全局变量: 
 120          ** 作　者:   喵呜实验室
 121          ** 淘  宝：  Http://miaowlabs.taobao.com
 122          ** 日　期:   2014年08月01日
 123          ***************************************************************/
 124          void UART2SendByte(unsigned char TxD2)  
 125          {   
 126   1          S2BUF=TxD2;  
 127   1          while ((S2CON & 0x02) == 0); //等待发送完成 
 128   1          S2CON &= 0xFD;    
 129   1      }
 130          
 131          /***************************************************************
 132          ** 函数名称: UART2SendStr
 133          ** 功能描述: UART2发送字符串
 134          ** 输　入:   
 135          ** 输　出:   
 136          ** 全局变量: 
 137          ** 作　者:   喵呜实验室
 138          ** 淘  宝：  Http://miaowlabs.taobao.com
 139          ** 日　期:   2016年05月04日
 140          ***************************************************************/ 
 141          void UART2SendStr(char *str)
 142          {
 143   1              unsigned char len=0;
 144   1              unsigned char i=0;
 145   1      
 146   1              len = strlen(str);
 147   1              for(i=0; i<len; i++)
 148   1                      UART2SendByte(*(str+i));
 149   1      }   


MODULE INFORMATION:   STATIC OVERLAYABLE
   CODE SIZE        =    129    ----
   CONSTANT SIZE    =   ----    ----
   XDATA SIZE       =   ----       3
   PDATA SIZE       =   ----    ----
   DATA SIZE        =   ----    ----
   IDATA SIZE       =   ----    ----
   BIT SIZE         =   ----    ----
END OF MODULE INFORMATION.


C51 COMPILATION COMPLETE.  0 WARNING(S),  0 ERROR(S)
